size 14486
header version 0
index start 14159
node 0 key "" len 204 additions 8 deletions 0
node 1 key "additions" len 2093 additions 1000 deletions 0
node 2 key "both" len 2224 additions 20 deletions 980
node 3 key "deletions" len 221 additions 0 deletions 64
node 4 key "emptied" len 219 additions 0 deletions 64
node 5 key "emptied a high container" len 628 additions 10 deletions 100
node 6 key "was a bitmap container" len 8554 additions 100 deletions 4900
index entries 7
sha256 01f4eda2f35e52da38f3d378784bea99eb92efdbdba1fca3f731eb189f72a2a2
