size 4536
index start 4354
node 0 key "aaa low" len 1115 additions 512 deletions 0
node 1 key "bbb low" len 1291 additions 512 deletions 16
node 2 key "ccc high" len 1260 additions 512 deletions 0
node 3 key "eee overlaps" len 672 additions 200 deletions 16
nodes 4
sha256 a2ce63e1deecc5c173a53dab8cc3a484bc4b6986086ab81b04bf8e495ab7a77c
